// Jest Snapshot v1, https://goo.gl/fbAQLP

exports[`Color component renders a color 1`] = `<ColorPicker />`;
